z
Aksheyaa@ACER MINGW64 /
$ git --version
git version 2.33.1.windows.1

Aksheyaa@ACER MINGW64 /
$
	

GIT installation path - %SystemRoot%\system32;%SystemRoot%;%SystemRoot%\System32\Wbem;%SYSTEMROOT%\System32\WindowsPowerShell\v1.0\;C:\Program Files\Git\cmd

Aksheyaa@ACER MINGW64 ~/Documents/Dinesh/GIT
$ git remote add origin https://github.com/DineshT26/DineshCBK.git
fatal: not a git repository (or any of the parent directories): .git

Aksheyaa@ACER MINGW64 ~/Documents/Dinesh/GIT
$ git init
Initialized empty Git repository in C:/Users/Aksheyaa/Documents/Dinesh/GIT/.git/

Aksheyaa@ACER MINGW64 ~/Documents/Dinesh/GIT (master)
$ git remote add origin https://github.com/DineshT26/DineshCBK.git

Aksheyaa@ACER MINGW64 ~/Documents/Dinesh/GIT (master)
$ git remote -v
origin  https://github.com/DineshT26/DineshCBK.git (fetch)
origin  https://github.com/DineshT26/DineshCBK.git (push)

Aksheyaa@ACER MINGW64 ~/Documents/Dinesh/GIT (master)
$ git pull origin main
remote: Enumerating objects: 3, done.
remote: Counting objects: 100% (3/3), done.
remote: Total 3 (delta 0), reused 0 (delta 0), pack-reused 0
Unpacking objects: 100% (3/3), 607 bytes | 2.00 KiB/s, done.
From https://github.com/DineshT26/DineshCBK
 * branch            main       -> FETCH_HEAD
 * [new branch]      main       -> origin/main

Aksheyaa@ACER MINGW64 ~/Documents/Dinesh/GIT (master)

main is the branch name

pull will do both fetch and merge

$ git status
On branch master
Untracked files:
  (use "git add <file>..." to include in what will be committed)
        workings.txt

nothing added to commit but untracked files present (use "git add" to track)

Aksheyaa@ACER MINGW64 ~/Documents/Dinesh/GIT (master)


Aksheyaa@ACER MINGW64 ~/Documents/Dinesh/GIT (master)
$ git add .

Aksheyaa@ACER MINGW64 ~/Documents/Dinesh/GIT (master)
$ git status
On branch master
Changes to be committed:
  (use "git restore --staged <file>..." to unstage)
        new file:   workings.txt


Aksheyaa@ACER MINGW64 ~/Documents/Dinesh/GIT (master)

Aksheyaa@ACER MINGW64 ~/Documents/Dinesh/GIT (master)
$ git commit -m "ok"
Author identity unknown

*** Please tell me who you are.

Run

  git config --global user.email "you@example.com"
  git config --global user.name "Your Name"

to set your account's default identity.
Omit --global to set the identity only in this repository.

fatal: unable to auto-detect email address (got 'Aksheyaa@ACER.(none)')

Aksheyaa@ACER MINGW64 ~/Documents/Dinesh/GIT (master)

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

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

Aksheyaa@ACER MINGW64 ~/Documents/Dinesh/GIT (master)
$ git config --global  user.name "DineshT26"

Aksheyaa@ACER MINGW64 ~/Documents/Dinesh/GIT (master)
$ git config --global  user.email "dineshdins@gmail.com"

Aksheyaa@ACER MINGW64 ~/Documents/Dinesh/GIT (master)
$ git commit -m "Ok"
[master 91c00f6] Ok
 1 file changed, 52 insertions(+)
 create mode 100644 workings.txt

Aksheyaa@ACER MINGW64 ~/Documents/Dinesh/GIT (master)
$
